/*
    BCU SDK bcu development enviroment
    Copyright (C) 2005-2011 Martin Koegler <mkoegler@auto.tuwien.ac.at>

    This program is free software; you can redistribute it and/or modify
    it under the terms of the GNU General Public License as published by
    the Free Software Foundation; either version 2 of the License, or
    (at your option) any later version.

    This program is distributed in the hope that it will be useful,
    but WITHOUT ANY WARRANTY; without even the implied warranty of
    MERCHANTABILITY or FITNESS FOR A PARTICULAR PURPOSE.  See the
    GNU General Public License for more details.

    You should have received a copy of the GNU General Public License
    along with this program; if not, write to the Free Software
    Foundation, Inc., 51 Franklin Street, Fifth Floor, Boston, MA 02110-1301 USA.
*/

MAP(  1.001,DPT_Switch)
MAP(  1.002,DPT_Bool)
MAP(  1.003,DPT_Enable)
MAP(  1.004,DPT_Ramp)
MAP(  1.005,DPT_Alarm)
MAP(  1.006,DPT_BinaryValue)
MAP(  1.007,DPT_Step)
MAP(  1.008,DPT_UpDown)
MAP(  1.009,DPT_OpenClose)
MAP(  1.010,DPT_Start)
MAP(  1.011,DPT_State)
MAP(  1.012,DPT_Invert)
MAP(  1.013,DPT_DimSendStyle)
MAP(  1.014,DPT_InputSource)
MAP(  1.015,DPT_Reset)
MAP(  1.016,DPT_Ack)
MAP(  1.017,DPT_Trigger)
MAP(  1.018,DPT_Occupancy)
MAP(  1.019,DPT_Window_Door)
MAP(  1.020,DPT_Toggle_Mode)
MAP(  1.021,DPT_LogicalFunction)
MAP(  1.022,DPT_Scene_AB)
MAP(  1.023,DPT_ShutterBlinds_Mode)
MAP(  1.100,DPT_Heat_Cool)
MAP(  2.001,DPT_Switch_Control)
MAP(  2.002,DPT_Bool_Control)
MAP(  2.003,DPT_Enable_Control)
MAP(  2.004,DPT_Ramp_Control)
MAP(  2.005,DPT_Alarm_Control)
MAP(  2.006,DPT_BinaryValue_Control)
MAP(  2.007,DPT_Step_Control)
MAP(  2.008,DPT_Direction1_Control)
MAP(  2.009,DPT_Direction2_Control)
MAP(  2.010,DPT_Start_Control)
MAP(  2.011,DPT_State_Control)
MAP(  2.012,DPT_Invert_Control)
MAP(  3.007,DPT_Control_Dimming)
MAP(  3.008,DPT_Control_Blinds)
MAP(  3.009,DPT_Mode_Boiler)
MAP(  4.001,DPT_Char_ASCII)
MAP(  4.002,DPT_Char_8859_1)
MAP(  5.001,DPT_Scaling)
MAP(  5.003,DPT_Angle)
MAP(  5.004,DPT_Percent_U8)
MAP(  5.005,DPT_DecimalFactort)
MAP(  5.010,DPT_Value_1_Ucount2)
MAP(  6.001,DPT_Percent_V8)
MAP(  6.010,DPT_Value_1_Count)
MAP(  6.020,DPT_Status_Mode3)
MAP(  7.001,DPT_Value_2_Ucount)
MAP(  7.002,DPT_TimePeriodMsec)
MAP(  7.003,DPT_TimePeriod10MSec)
MAP(  7.004,DPT_TimePeriod100MSec)
MAP(  7.005,DPT_TimePeriodSec)
MAP(  7.006,DPT_TimePeriodMin)
MAP(  7.007,DPT_TimePeriodHrs)
MAP(  7.010,DPT_PropDataType)
MAP(  7.011,DPT_Length_mm)
MAP(  7.012,DPT_UElCurrentmA)
MAP(  8.001,DPT_Value_2_Count)
MAP(  8.002,DPT_DeltaTimeMsec)
MAP(  8.003,DPT_DeltaTime10MSec)
MAP(  8.004,DPT_DeltaTime100MSec)
MAP(  8.005,DPT_DeltaTimeSec)
MAP(  8.006,DPT_DeltaTimeMin)
MAP(  8.007,DPT_DeltaTimeHrs)
MAP(  8.010,DPT_Percent_V16)
MAP(  8.011,DPT_Rotation_Angle)
MAP(  9.001,DPT_Value_Temp)
MAP(  9.002,DPT_Value_Tempd)
MAP(  9.003,DPT_Value_Tempa)
MAP(  9.004,DPT_Value_Lux)
MAP(  9.005,DPT_Value_Wsp)
MAP(  9.006,DPT_Value_Pres)
MAP(  9.007,DPT_Value_Humidity)
MAP(  9.008,DPT_Value_AirQuality)
MAP(  9.009,DPT_Value_AirFlow)
MAP(  9.010,DPT_Value_Time1)
MAP(  9.011,DPT_Value_Time2)
MAP(  9.020,DPT_Value_Volt)
MAP(  9.021,DPT_Value_Curr)
MAP(  9.022,DPT_PowerDensity)
MAP(  9.023,DPT_KelvinPerPercent)
MAP(  9.024,DPT_Power)
MAP( 10.001,DPT_TimeOfDay)
MAP( 11.001,DPT_Date)
MAP( 12.001,DPT_Value_4_Ucount)
MAP( 13.001,DPT_Value_4_Count)
MAP( 13.002,DPT_ElectricEnergy_10Wh)
MAP( 13.003,DPT_ElectricReactiveEnergy_10VAh)
MAP( 13.100,DPT_LongDeltaTimeSec)
MAP( 14.000,DPT_Value_Acceleration)
MAP( 14.001,DPT_Value_Acceleration_Angular)
MAP( 14.002,DPT_Value_Activation_Energy)
MAP( 14.003,DPT_Value_Activity)
MAP( 14.004,DPT_Value_Mol)
MAP( 14.005,DPT_Value_Amplitude)
MAP( 14.006,DPT_Value_AngleRad)
MAP( 14.007,DPT_Value_AngleDeg)
MAP( 14.008,DPT_Value_Angular_Momentum)
MAP( 14.009,DPT_Value_Angular_Velocity)
MAP( 14.010,DPT_Value_Area)
MAP( 14.011,DPT_Value_Capacitance)
MAP( 14.012,DPT_Value_Charge_DenstySurface)
MAP( 14.013,DPT_Value_Charge_DenstyVolume)
MAP( 14.014,DPT_Value_Compressibility)
MAP( 14.015,DPT_Value_Conductance)
MAP( 14.016,DPT_Value_Electrical_Conductivity)
MAP( 14.017,DPT_Value_Density)
MAP( 14.018,DPT_Value_Electric_Charge)
MAP( 14.019,DPT_Value_Electric_Current)
MAP( 14.020,DPT_Value_Electric_CurrentDensity)
MAP( 14.021,DPT_Value_Electric_DipoleMoment)
MAP( 14.022,DPT_Value_Electric_Displacement)
MAP( 14.023,DPT_Value_Electric_FieldStrength)
MAP( 14.024,DPT_Value_Electric_Flux)
MAP( 14.025,DPT_Value_Electric_FluxDensity)
MAP( 14.026,DPT_Value_Electric_Polarization)
MAP( 14.027,DPT_Value_Electric_Potential)
MAP( 14.028,DPT_Value_Electric_PotentialDifference)
MAP( 14.029,DPT_Value_ElectromagneticMMoment)
MAP( 14.030,DPT_Value_Electromotive_Force)
MAP( 14.031,DPT_Value_Energy)
MAP( 14.032,DPT_Value_Force)
MAP( 14.033,DPT_Value_Frequency)
MAP( 14.034,DPT_Value_Angular_Frequency)
MAP( 14.035,DPT_Value_Heat_Capacity)
MAP( 14.036,DPT_Value_Heat_FlowRate)
MAP( 14.037,DPT_Value_Heat_Quantity)
MAP( 14.038,DPT_Value_Impedance)
MAP( 14.039,DPT_Value_Length)
MAP( 14.040,DPT_Value_Light_Quantity)
MAP( 14.041,DPT_Value_Luminance)
MAP( 14.042,DPT_Value_Luminous_Flux)
MAP( 14.043,DPT_Value_Luminous_Intensity)
MAP( 14.044,DPT_Value_Magnetic_FieldStrength)
MAP( 14.045,DPT_Value_Magnetic_Flux)
MAP( 14.046,DPT_Value_Magnetic_FluxDensity)
MAP( 14.047,DPT_Value_Magnetic_Moment)
MAP( 14.048,DPT_Value_Magnetic_Polarization)
MAP( 14.049,DPT_Value_Magnetization)
MAP( 14.050,DPT_Value_MagnetomotiveForce)
MAP( 14.051,DPT_Value_Mass)
MAP( 14.052,DPT_Value_MassFlux)
MAP( 14.053,DPT_Value_Momentum)
MAP( 14.054,DPT_Value_Phase_AngleRad)
MAP( 14.055,DPT_Value_Phase_AngleDeg)
MAP( 14.056,DPT_Value_Power)
MAP( 14.057,DPT_Value_Power_Factor)
MAP( 14.058,DPT_Value_Pressure)
MAP( 14.059,DPT_Value_Reactance)
MAP( 14.060,DPT_Value_Resistance)
MAP( 14.061,DPT_Value_Resistivity)
MAP( 14.062,DPT_Value_SelfInductance)
MAP( 14.063,DPT_Value_SolidAngle)
MAP( 14.064,DPT_Value_Sound_Intensty)
MAP( 14.065,DPT_Value_Speed)
MAP( 14.066,DPT_Value_Stress)
MAP( 14.067,DPT_Value_Surface_Tension)
MAP( 14.068,DPT_Value_Common_Temperature)
MAP( 14.069,DPT_Value_Absolute_Temperature)
MAP( 14.070,DPT_Value_TemperatureDifference)
MAP( 14.071,DPT_Value_Thermal_Capacity)
MAP( 14.072,DPT_Value_Thermal_Conductivity)
MAP( 14.073,DPT_Value_ThermoelectricPower)
MAP( 14.074,DPT_Value_Time)
MAP( 14.075,DPT_Value_Torque)
MAP( 14.076,DPT_Value_Volume)
MAP( 14.077,DPT_Value_Volume_Flux)
MAP( 14.078,DPT_Value_Weight)
MAP( 14.079,DPT_Value_Work)
MAP( 15.000,DPT_Access_Data)
MAP( 16.000,DPT_String_ASCII)
MAP( 16.001,DPT_String_8859_1)
MAP( 17.001,DPT_SceneNumber)
MAP( 18.001,DPT_SceneControl)
MAP( 19.001,DPT_DateTime)
MAP( 20.001,DPT_SCLOMode)
MAP( 20.002,DPT_BuildingMode)
MAP( 20.003,DPT_OccMode)
MAP( 20.004,DPT_Priority)
MAP( 20.005,DPT_LightApplicationMode)
MAP( 20.006,DPT_ApplicationArea)
MAP( 20.007,DPT_AlarmClassType)
MAP( 20.008,DPT_PSUMode)
MAP( 20.011,DPT_ErrorClass_System)
MAP( 20.012,DPT_ErrorClass_HVAC)
MAP( 20.100,DPT_FuelType)
MAP( 20.101,DPT_BurnerType)
MAP( 20.102,DPT_HVACMode)
MAP( 20.103,DPT_DHWMode)
MAP( 20.104,DPT_LoadPriority)
MAP( 20.105,DPT_HVACContrMode)
MAP( 20.106,DPT_HVACEmergMode)
MAP( 20.107,DPT_ChangeoverMode)
MAP( 20.108,DPT_ValveMode)
MAP( 20.109,DPT_DamperMode)
MAP( 20.110,DPT_HeaterMode)
MAP( 20.111,DPT_FanMode)
MAP( 20.112,DPT_MasterSlaveMode)
MAP( 20.600,DPT_Behaviour_Lock_Unlock)
MAP( 20.601,DPT_Behaviour_Bus_Power_Up_Down)
MAP( 21.001,DPT_StatusGen)
MAP( 21.002,DPT_Device_Control)
MAP( 21.100,DPT_ForceSign)
MAP( 21.101,DPT_ForceSignCool)
MAP( 21.102,DPT_StatusRHC)
MAP( 21.103,DPT_StatusSDHWC)
MAP( 21.104,DPT_FuelTypeSet)
MAP( 21.105,DPT_StatusRCC)
MAP( 21.106,DPT_StatusAHU)
MAP( 22.100,DPT_StatusDHWC)
MAP( 23.001,DPT_OnOff_Action)
MAP( 23.002,DPT_Alarm_Reaction)
MAP( 23.003,DPT_UpDown_Action)
MAP( 23.100,DPT_PresenceSensorType)
MAP( 23.101,DPT_HVACOperationModeType)
MAP( 23.102,DPT_HVAC_PB_Action)
MAP( 24.001,DPT_VarString_8859_1)
MAP( 25.001,DPT_DoubleNibble)
MAP(200.001,DPT_DelayTimeMinSc)
MAP(200.100,DPT_Heat_Cool_Z)
MAP(200.102,DPT_WindowState)
MAP(201.100,DPT_HVACMode_Z)
MAP(201.101,DPT_HVACModeUser)
MAP(201.102,DPT_DHWMode_Z)
MAP(201.103,DPT_DHWModeUser)
MAP(201.104,DPT_HVACContrMode_Z)
MAP(201.105,DPT_EnablH_CStage_Z)
MAP(201.106,DPT_EnableH_CEnergy)
MAP(201.107,DPT_BuildingMode_Z)
MAP(201.108,DPT_OccMode_Z)
MAP(201.109,DPT_HVACEmergMode_Z)
MAP(201.110,DPT_EmergMode_Z)
MAP(202.001,DPT_RelValue_Z)
MAP(202.002,DPT_UCountValue8_Z)
MAP(202.100,DPT_ActPosSetp)
MAP(203.002,DPT_TimePeriodMsec_Z)
MAP(203.003,DPT_TimePeriod10Msec_Z)
MAP(203.004,DPT_TimePeriod100Msec_Z)
MAP(203.005,DPT_TimePeriodSec_Z)
MAP(203.006,DPT_TimePeriodMin_Z)
MAP(203.007,DPT_TimePeriodHrs_Z)
MAP(203.011,DPT_UFlowRateLiter_h_Z)
MAP(203.012,DPT_UCountValue16_Z)
MAP(203.013,DPT_UElCurrentA_Z)
MAP(203.014,DPT_PowerKW_Z)
MAP(203.016,DPT_TimePeriodMin_Z)
MAP(203.100,DPT_HVACAirQual_Z)
MAP(203.101,DPT_WindSpeed_Z)
MAP(203.102,DPT_SunIntensity_Z)
MAP(203.103,DPT_ElPower)
MAP(203.104,DPT_HVACAirFlowAbs_Z)
MAP(204.001,DPT_RelSignedValue)
MAP(205.002,DPT_DeltaTimeMsec_Z)
MAP(205.003,DPT_DeltaTime10Msec_Z)
MAP(205.004,DPT_DeltaTime100Msec_Z)
MAP(205.005,DPT_DeltaTimeSec_Z)
MAP(205.006,DPT_DeltaTimeMin_Z)
MAP(205.007,DPT_DeltaTimeHrs_Z)
MAP(205.100,DPT_TempHVACAbs_Z)
MAP(205.101,DPT_TempHVACRel_Z)
MAP(205.102,DPT_HVACAirFlowRel_Z)
MAP(206.100,DPT_HVACModeNext)
MAP(206.101,DPT_HVACModeExceptPer)
MAP(206.102,DPT_DHWModeNext)
MAP(206.103,DPT_DHWModeExceptPer)
MAP(206.104,DPT_OccModeNext)
MAP(206.105,DPT_BuildingModeNext)
MAP(206.106,DPT_TariffNext)
MAP(207.100,DPT_StatusBUC)
MAP(207.101,DPT_LockSign)
MAP(207.102,DPT_ValueDemBOC)
MAP(207.103,DPT_LockSignHFDM)
MAP(207.104,DPT_ActPosDemAbs)
MAP(207.105,DPT_StatusAct)
MAP(207.106,DPT_RelValUser)
MAP(208.100,DPT_HVACAirQualSetpSet)
MAP(208.101,DPT_ElPowerNext)
MAP(208.102,DPT_TempNext)
MAP(209.100,DPT_StatusHPM)
MAP(209.101,DPT_TempRoomDemAbs)
MAP(209.102,DPT_StatusCPM)
MAP(209.103,DPT_StatusWTC)
MAP(210.100,DPT_TempFlowWaterDemAbs)
MAP( 21.100,DPT_LM_Priority)
MAP(211.100,DPT_EnergyDemWater)
MAP(211.100,DPT_RoomTempSetpShift)
MAP(212.100,DPT_TempRoomSetpSetShift)
MAP(213.100,DPT_TempRoomSetpSet)
MAP(213.101,DPT_TempDHWSetpSet)
MAP(214.100,DPT_PowerFlowWaterDemHPM)
MAP(214.101,DPT_PowerFlowWaterDemCPM)
MAP(215.100,DPT_StatusBOC)
MAP(215.101,DPT_StatusCC)
MAP(216.100,DPT_SpecHeatProd)
MAP(217.001,DPT_Version)
MAP(218.001,DPT_VolumeLiter_Z)
MAP(219.001,DPT_AlarmInfo)
MAP(220.100,DPT_TempHVACAbsNext)
MAP(221.001,DPT_SerNum)
MAP(222.001,DPT_Current_Set_F16)
MAP(222.100,DPT_TempRoomSetpSetF16)
MAP(222.101,DPT_TempRoomSetpSetShiftF16)
MAP(223.100,DPT_EnergyDemAir)
MAP(224.100,DPT_TempSupplyAirSetpSet)
MAP(225.001,DPT_ScalingSpeed)
MAP(225.002,DPT_Scaling_Step_Time)
MAP(226.500,DPT_PowerPriority)
MAP(227.001,DPT_PowerPeriod)
