/*
    BCU SDK bcu development enviroment
    Copyright (C) 2005-2011 Martin Koegler <mkoegler@auto.tuwien.ac.at>

    This program is free software; you can redistribute it and/or modify
    it under the terms of the GNU General Public License as published by
    the Free Software Foundation; either version 2 of the License, or
    (at your option) any later version.

    This program is distributed in the hope that it will be useful,
    but WITHOUT ANY WARRANTY; without even the implied warranty of
    MERCHANTABILITY or FITNESS FOR A PARTICULAR PURPOSE.  See the
    GNU General Public License for more details.

    You should have received a copy of the GNU General Public License
    along with this program; if not, write to the Free Software
    Foundation, Inc., 51 Franklin Street, Fifth Floor, Boston, MA 02110-1301 USA.
*/

MAP(  1,PID_OBJECT_TYPE)
MAP(  2,PID_OBJECT_NAME)
MAP(  3,PID_SEMAPHOR)
MAP(  4,PID_GROUP_OBJECT_REFERENCE)
MAP(  5,PID_LOAD_STATE_CONTROL)
MAP(  6,PID_RUN_STATE_CONTROL)
MAP(  7,PID_TABLE_REFERENCE)
MAP(  8,PID_SERVICE_CONTROL)
MAP(  9,PID_FIRMWARE_REVISION)
MAP( 10,PID_SERVICES_SUPPORTED)
MAP( 11,PID_SERIAL_NUMBER)
MAP( 12,PID_MANUFACTURER_ID)
MAP( 13,PID_PROGRAM_VERSION)
MAP( 14,PID_DEVICE_CONTROL)
MAP( 15,PID_ORDER_INFO)
MAP( 16,PID_PEI_TYPE)
MAP( 17,PID_PORT_CONFIGURATION)
MAP( 18,PID_POLL_GROUP_SETTINGS)
MAP( 19,PID_MANUFACTURER_DATA)
MAP( 20,PID_ENABLE)
MAP( 21,PID_DESCRIPTION)
MAP( 22,PID_FILE)
MAP( 23,PID_TABLE)
MAP( 24,PID_ENROL)
MAP( 25,PID_VERSION)
MAP( 26,PID_GROUP_OBJECT_LINK)
MAP( 27,PID_MCB_TABLE)
MAP( 28,PID_ERROR_CODE)
MAP( 51,PID_ROUTING_COUNT)
MAP( 52,PID_MAX_RETRY_COUNT)
MAP( 53,PID_ERROR_FLAGS)
MAP( 54,PID_PROGMODE)
MAP( 55,PID_PRODUCT_ID)
MAP( 56,PID_MAX_APDULENGTH)
MAP( 57,PID_SUBNET_ADDR)
MAP( 58,PID_DEVICE_ADDR)
MAP( 59,PID_PB_CONFIG)
MAP( 60,PID_ADDR_REPORT)
MAP( 61,PID_ADDR_CHECK)
MAP( 62,PID_OBJECT_VALUE)
MAP( 63,PID_OBJECTLINK)
MAP( 64,PID_APPLICATION)
MAP( 65,PID_PARAMETER)
MAP( 66,PID_OBJECTADDRESS)
MAP( 67,PID_PSU_TYPE)
MAP( 68,PID_PSU_STATUS)
MAP( 69,PID_PSU_ENABLE)
MAP( 70,PID_DOMAIN_ADDRESS)
MAP( 71,PID_IO_LIST)
MAP( 72,PID_MGT_DESCRIPTOR_01)
MAP( 73,PID_PL110_PARAM)
MAP( 74,PID_RF_REPEAT_COUNTER)
MAP( 75,PID_RECEIVE_BLOCK_TABLE)
MAP( 76,PID_RANDOM_PAUSE_TABLE)
MAP( 77,PID_RECEIVE_BLOCK_NR)
MAP( 78,PID_HARDWARE_TYPE)
MAP( 79,PID_RETRANSMITTER_NUMBER)
MAP( 80,PID_SERIAL_NR_TABLE)
MAP( 81,PID_BIBATMASTER_ADDRESS)
MAP(101,PID_CHANNEL_01_PARAM)
MAP(102,PID_CHANNEL_02_PARAM)
MAP(103,PID_CHANNEL_03_PARAM)
MAP(104,PID_CHANNEL_04_PARAM)
MAP(105,PID_CHANNEL_05_PARAM)
MAP(106,PID_CHANNEL_06_PARAM)
MAP(107,PID_CHANNEL_07_PARAM)
MAP(108,PID_CHANNEL_08_PARAM)
MAP(109,PID_CHANNEL_09_PARAM)
MAP(110,PID_CHANNEL_10_PARAM)
MAP(111,PID_CHANNEL_11_PARAM)
MAP(112,PID_CHANNEL_12_PARAM)
MAP(113,PID_CHANNEL_13_PARAM)
MAP(114,PID_CHANNEL_14_PARAM)
MAP(115,PID_CHANNEL_15_PARAM)
MAP(116,PID_CHANNEL_16_PARAM)
MAP(117,PID_CHANNEL_17_PARAM)
MAP(118,PID_CHANNEL_18_PARAM)
MAP(119,PID_CHANNEL_19_PARAM)
MAP(120,PID_CHANNEL_20_PARAM)
MAP(121,PID_CHANNEL_21_PARAM)
MAP(122,PID_CHANNEL_22_PARAM)
MAP(123,PID_CHANNEL_23_PARAM)
MAP(124,PID_CHANNEL_24_PARAM)
MAP(125,PID_CHANNEL_25_PARAM)
MAP(126,PID_CHANNEL_26_PARAM)
MAP(127,PID_CHANNEL_27_PARAM)
MAP(128,PID_CHANNEL_28_PARAM)
MAP(129,PID_CHANNEL_29_PARAM)
MAP(130,PID_CHANNEL_30_PARAM)
MAP(131,PID_CHANNEL_31_PARAM)
MAP(132,PID_CHANNEL_32_PARAM)
MAP( 51,PID_EXT_FRAMEFORMAT)
MAP( 52,PID_ADDRTAB1)
MAP( 53,PID_GROUP_RESPONSER_TABLE)
MAP( 51,PID_PARAM_REFERENCE)
MAP( 51,PID_MEDIUM_TYPE)
MAP( 52,PID_COMM_MODE)
MAP( 53,PID_MEDIUM_AVAILABILITY)
MAP( 54,PID_ADD_INFO_TYPES)
MAP( 55,PID_TIME_BASE)
MAP( 56,PID_TRANSP_ENABLE)
MAP( 51,PID_GRPOBJTABLE)
MAP( 52,PID_EXT_GRPOBJREFERENCE)
MAP( 51,PID_POLLING_STATE)
MAP( 52,PID_POLLING_SLAVE_ADDR)
MAP( 53,PID_POLL_CYCLE)
MAP( 51,PID_AR_TYPE_REPORT)
MAP( 51,PID_PROJECT_INSTALLATION_ID)
MAP( 52,PID_KNX_INDIVIDUAL_ADDRESS)
MAP( 53,PID_ADDITIONAL_INDIVIDUAL_ADDRESSES)
MAP( 54,PID_CURRENT_IP_ASSIGNMENT_METHOD)
MAP( 55,PID_IP_ASSIGNMENT_METHOD)
MAP( 56,PID_IP_CAPABILITIES)
MAP( 57,PID_CURRENT_IP_ADDRESS)
MAP( 58,PID_CURRENT_SUBNET_MASK)
MAP( 59,PID_CURRENT_DEFAULT_GATEWAY)
MAP( 60,PID_IP_ADDRESS)
MAP( 61,PID_SUBNET_MASK)
MAP( 62,PID_DEFAULT_GATEWAY)
MAP( 63,PID_DHCP_BOOTP_SERVER)
MAP( 64,PID_MAC_ADDRESS)
MAP( 65,PID_SYSTEM_SETUP_MULTICAST_ADDRESS)
MAP( 66,PID_ROUTING_MULTICAST_ADDRESS)
MAP( 67,PID_TTL)
MAP( 68,PID_EIBNETIP_DEVICE_CAPABILITIES)
MAP( 69,PID_EIBNETIP_DEVICE_STATE)
MAP( 70,PID_EIBNETIP_ROUTING_CAPABILITIES)
MAP( 71,PID_PRIORITY_FIFO_ENABLED)
MAP( 72,PID_QUEUE_OVERFLOW_TO_IP)
MAP( 73,PID_QUEUE_OVERFLOW_TO_KNX)
MAP( 74,PID_MSG_TRANSMIT_TO_IP)
MAP( 75,PID_MSG_TRANSMIT_TO_KNX)
MAP( 76,PID_FRIENDLY_NAME)


